{"level":"info","message":"Server listening on port 5001","timestamp":"2026-02-13 16:51:55"}
{"action":"Server Startup","level":"info","message":"Server listening on port 5001","module":"API","status":"SUCCESS","timestamp":"2026-02-13 16:52:09"}
{"action":"Server Startup","level":"info","message":"Server listening on port 5001","module":"API","status":"SUCCESS","timestamp":"2026-02-13 16:52:23"}
{"action":"Server Startup","level":"info","message":"Server listening on port 5001","module":"API","status":"SUCCESS","timestamp":"2026-02-13 17:36:19"}
{"action":"Server Startup","level":"info","message":"Server listening on port 5001","module":"API","status":"SUCCESS","timestamp":"2026-02-13 17:43:09"}
{"action":"Server Startup","level":"info","message":"Server listening on port 5001","module":"API","status":"SUCCESS","timestamp":"2026-02-13 17:43:53"}
{"action":"Server Startup","level":"info","message":"Server listening on port 5001","module":"API","status":"SUCCESS","timestamp":"2026-02-13 17:45:25"}
{"level":"error","message":"--- CLIENT-SIDE ERROR ---","timestamp":"2026-02-13 17:49:06"}
{"level":"error","message":"Message:","timestamp":"2026-02-13 17:49:06"}
{"level":"error","message":"Stack:","timestamp":"2026-02-13 17:49:06"}
{"level":"error","message":"-------------------------","timestamp":"2026-02-13 17:49:06"}
{"level":"error","message":"--- CLIENT-SIDE ERROR ---","timestamp":"2026-02-13 17:49:29"}
{"level":"error","message":"Message:","timestamp":"2026-02-13 17:49:29"}
{"level":"error","message":"Stack:","timestamp":"2026-02-13 17:49:29"}
{"level":"error","message":"-------------------------","timestamp":"2026-02-13 17:49:29"}
{"level":"error","message":"--- CLIENT-SIDE ERROR ---","timestamp":"2026-02-13 17:50:02"}
{"level":"error","message":"Message:","timestamp":"2026-02-13 17:50:02"}
{"level":"error","message":"Stack:","timestamp":"2026-02-13 17:50:02"}
{"level":"error","message":"-------------------------","timestamp":"2026-02-13 17:50:02"}
{"action":"Server Startup","level":"info","message":"Server listening on port 5001","module":"API","status":"SUCCESS","timestamp":"2026-02-14 17:39:11"}
{"action":"Server Startup","level":"info","message":"Server listening on port 5001","module":"API","status":"SUCCESS","timestamp":"2026-02-14 18:49:03"}
